spots read      : 45,291,631
reads read      : 90,583,262
reads written   : 90,583,262
	Command being timed: "fasterq-dump SRR25630299/SRR25630299.sra"
	User time (seconds): 117.95
	System time (seconds): 9.15
	Percent of CPU this job got: 73%
	Elapsed (wall clock) time (h:mm:ss or m:ss): 2:53.38
	Average shared text size (kbytes): 0
	Average unshared data size (kbytes): 0
	Average stack size (kbytes): 0
	Average total size (kbytes): 0
	Maximum resident set size (kbytes): 592100
	Average resident set size (kbytes): 0
	Major (requiring I/O) page faults: 0
	Minor (reclaiming a frame) page faults: 150877
	Voluntary context switches: 123867
	Involuntary context switches: 45634
	Swaps: 0
	File system inputs: 0
	File system outputs: 0
	Socket messages sent: 0
	Socket messages received: 0
	Signals delivered: 0
	Page size (bytes): 4096
	Exit status: 0
spots read      : 34,977,867
reads read      : 69,955,734
reads written   : 69,955,734
	Command being timed: "fasterq-dump SRR25630379/SRR25630379.sra"
	User time (seconds): 89.34
	System time (seconds): 6.79
	Percent of CPU this job got: 85%
	Elapsed (wall clock) time (h:mm:ss or m:ss): 1:52.22
	Average shared text size (kbytes): 0
	Average unshared data size (kbytes): 0
	Average stack size (kbytes): 0
	Average total size (kbytes): 0
	Maximum resident set size (kbytes): 589900
	Average resident set size (kbytes): 0
	Major (requiring I/O) page faults: 0
	Minor (reclaiming a frame) page faults: 150748
	Voluntary context switches: 93821
	Involuntary context switches: 36832
	Swaps: 0
	File system inputs: 0
	File system outputs: 0
	Socket messages sent: 0
	Socket messages received: 0
	Signals delivered: 0
	Page size (bytes): 4096
	Exit status: 0
 WARN cache for Repodata at /home/kymc/.cache/rattler/cache/repodata is on a network/parallel filesystem (NFS/SMB/FUSE/BeeGFS/Lustre/GPFS/CephFS), redirected to /tmp/pixi-cache-kymc/repodata for this run. Set [cache.repodata] in config.toml or PIXI_CACHE_DIR to override, or [cache.netfs-redirect] = "never" to keep the original path.
Skipping '*.fq' which didn't exist, or couldn't be read
	Command being timed: "pixi run fastqc *.fq"
	User time (seconds): 0.08
	System time (seconds): 0.03
	Percent of CPU this job got: 13%
	Elapsed (wall clock) time (h:mm:ss or m:ss): 0:00.95
	Average shared text size (kbytes): 0
	Average unshared data size (kbytes): 0
	Average stack size (kbytes): 0
	Average total size (kbytes): 0
	Maximum resident set size (kbytes): 41592
	Average resident set size (kbytes): 0
	Major (requiring I/O) page faults: 0
	Minor (reclaiming a frame) page faults: 20315
	Voluntary context switches: 225
	Involuntary context switches: 17
	Swaps: 0
	File system inputs: 0
	File system outputs: 72
	Socket messages sent: 0
	Socket messages received: 0
	Signals delivered: 0
	Page size (bytes): 4096
	Exit status: 0
 WARN cache for Repodata at /home/kymc/.cache/rattler/cache/repodata is on a network/parallel filesystem (NFS/SMB/FUSE/BeeGFS/Lustre/GPFS/CephFS), redirected to /tmp/pixi-cache-kymc/repodata for this run. Set [cache.repodata] in config.toml or PIXI_CACHE_DIR to override, or [cache.netfs-redirect] = "never" to keep the original path.
Skipping '*.fq' which didn't exist, or couldn't be read
	Command being timed: "pixi run fastqc *.fq"
	User time (seconds): 0.08
	System time (seconds): 0.05
	Percent of CPU this job got: 83%
	Elapsed (wall clock) time (h:mm:ss or m:ss): 0:00.16
	Average shared text size (kbytes): 0
	Average unshared data size (kbytes): 0
	Average stack size (kbytes): 0
	Average total size (kbytes): 0
	Maximum resident set size (kbytes): 41580
	Average resident set size (kbytes): 0
	Major (requiring I/O) page faults: 0
	Minor (reclaiming a frame) page faults: 20349
	Voluntary context switches: 184
	Involuntary context switches: 19
	Swaps: 0
	File system inputs: 0
	File system outputs: 72
	Socket messages sent: 0
	Socket messages received: 0
	Signals delivered: 0
	Page size (bytes): 4096
	Exit status: 0
