 WARN cache for Repodata at /home/kymc/.cache/rattler/cache/repodata is on a network/parallel filesystem (NFS/SMB/FUSE/BeeGFS/Lustre/GPFS/CephFS), redirected to /tmp/pixi-cache-kymc/repodata for this run. Set [cache.repodata] in config.toml or PIXI_CACHE_DIR to override, or [cache.netfs-redirect] = "never" to keep the original path.
null
null
Started analysis of SRR25630299_1.fastq
null
null
Approx 5% complete for SRR25630299_1.fastq
Approx 10% complete for SRR25630299_1.fastq
Approx 15% complete for SRR25630299_1.fastq
Approx 20% complete for SRR25630299_1.fastq
Approx 25% complete for SRR25630299_1.fastq
Approx 30% complete for SRR25630299_1.fastq
Approx 35% complete for SRR25630299_1.fastq
Approx 40% complete for SRR25630299_1.fastq
Approx 45% complete for SRR25630299_1.fastq
Approx 50% complete for SRR25630299_1.fastq
Approx 55% complete for SRR25630299_1.fastq
Approx 60% complete for SRR25630299_1.fastq
Approx 65% complete for SRR25630299_1.fastq
Approx 70% complete for SRR25630299_1.fastq
Approx 75% complete for SRR25630299_1.fastq
Approx 80% complete for SRR25630299_1.fastq
Approx 85% complete for SRR25630299_1.fastq
Approx 90% complete for SRR25630299_1.fastq
Approx 95% complete for SRR25630299_1.fastq
Analysis complete for SRR25630299_1.fastq
Started analysis of SRR25630299_2.fastq
Approx 5% complete for SRR25630299_2.fastq
Approx 10% complete for SRR25630299_2.fastq
Approx 15% complete for SRR25630299_2.fastq
Approx 20% complete for SRR25630299_2.fastq
Approx 25% complete for SRR25630299_2.fastq
Approx 30% complete for SRR25630299_2.fastq
Approx 35% complete for SRR25630299_2.fastq
Approx 40% complete for SRR25630299_2.fastq
Approx 45% complete for SRR25630299_2.fastq
Approx 50% complete for SRR25630299_2.fastq
Approx 55% complete for SRR25630299_2.fastq
Approx 60% complete for SRR25630299_2.fastq
Approx 65% complete for SRR25630299_2.fastq
Approx 70% complete for SRR25630299_2.fastq
Approx 75% complete for SRR25630299_2.fastq
Approx 80% complete for SRR25630299_2.fastq
Approx 85% complete for SRR25630299_2.fastq
Approx 90% complete for SRR25630299_2.fastq
Approx 95% complete for SRR25630299_2.fastq
Analysis complete for SRR25630299_2.fastq
Started analysis of SRR25630379_1.fastq
Approx 5% complete for SRR25630379_1.fastq
Approx 10% complete for SRR25630379_1.fastq
Approx 15% complete for SRR25630379_1.fastq
Approx 20% complete for SRR25630379_1.fastq
Approx 25% complete for SRR25630379_1.fastq
Approx 30% complete for SRR25630379_1.fastq
Approx 35% complete for SRR25630379_1.fastq
Approx 40% complete for SRR25630379_1.fastq
Approx 45% complete for SRR25630379_1.fastq
Approx 50% complete for SRR25630379_1.fastq
Approx 55% complete for SRR25630379_1.fastq
Approx 60% complete for SRR25630379_1.fastq
Approx 65% complete for SRR25630379_1.fastq
Approx 70% complete for SRR25630379_1.fastq
Approx 75% complete for SRR25630379_1.fastq
Approx 80% complete for SRR25630379_1.fastq
Approx 85% complete for SRR25630379_1.fastq
Approx 90% complete for SRR25630379_1.fastq
Approx 95% complete for SRR25630379_1.fastq
Analysis complete for SRR25630379_1.fastq
Started analysis of SRR25630379_2.fastq
Approx 5% complete for SRR25630379_2.fastq
Approx 10% complete for SRR25630379_2.fastq
Approx 15% complete for SRR25630379_2.fastq
Approx 20% complete for SRR25630379_2.fastq
Approx 25% complete for SRR25630379_2.fastq
Approx 30% complete for SRR25630379_2.fastq
Approx 35% complete for SRR25630379_2.fastq
Approx 40% complete for SRR25630379_2.fastq
Approx 45% complete for SRR25630379_2.fastq
Approx 50% complete for SRR25630379_2.fastq
Approx 55% complete for SRR25630379_2.fastq
Approx 60% complete for SRR25630379_2.fastq
Approx 65% complete for SRR25630379_2.fastq
Approx 70% complete for SRR25630379_2.fastq
Approx 75% complete for SRR25630379_2.fastq
Approx 80% complete for SRR25630379_2.fastq
Approx 85% complete for SRR25630379_2.fastq
Approx 90% complete for SRR25630379_2.fastq
Approx 95% complete for SRR25630379_2.fastq
Analysis complete for SRR25630379_2.fastq
	Command being timed: "pixi run fastqc SRR25630299_1.fastq SRR25630299_2.fastq SRR25630379_1.fastq SRR25630379_2.fastq -o /projects/bgmp/kymc/bioinfo/Bi623/Proj2_QAA/Project-2-Electric-Organ"
	User time (seconds): 680.77
	System time (seconds): 16.76
	Percent of CPU this job got: 98%
	Elapsed (wall clock) time (h:mm:ss or m:ss): 11:44.64
	Average shared text size (kbytes): 0
	Average unshared data size (kbytes): 0
	Average stack size (kbytes): 0
	Average total size (kbytes): 0
	Maximum resident set size (kbytes): 627832
	Average resident set size (kbytes): 0
	Major (requiring I/O) page faults: 0
	Minor (reclaiming a frame) page faults: 125054
	Voluntary context switches: 34669
	Involuntary context switches: 8494
	Swaps: 0
	File system inputs: 0
	File system outputs: 8936
	Socket messages sent: 0
	Socket messages received: 0
	Signals delivered: 0
	Page size (bytes): 4096
	Exit status: 0
