 WARN cache for Repodata at /home/kymc/.cache/rattler/cache/repodata is on a network/parallel filesystem (NFS/SMB/FUSE/BeeGFS/Lustre/GPFS/CephFS), redirected to /tmp/pixi-cache-kymc/repodata for this run. Set [cache.repodata] in config.toml or PIXI_CACHE_DIR to override, or [cache.netfs-redirect] = "never" to keep the original path.
This is cutadapt 5.2 with Python 3.12.14
Command line parameters: -a AGATCGGAAGAGCACACGTCTGAACTCCAGTCA -A AGATCGGAAGAGCGTCGTGTAGGGAAAGAGTGT -o /projects/bgmp/kymc/bioinfo/Bi623/Proj2_QAA/Project-2-Electric-Organ/trimmed_outputs/SRR25630299_1.trimmed.fastq.gz -p /projects/bgmp/kymc/bioinfo/Bi623/Proj2_QAA/Project-2-Electric-Organ/trimmed_outputs/SRR25630299_2.trimmed.fastq.gz /projects/bgmp/kymc/bioinfo/Bi623/Proj2_QAA/Project-2-Electric-Organ/SRA_outputs/SRR25630299_1.fastq /projects/bgmp/kymc/bioinfo/Bi623/Proj2_QAA/Project-2-Electric-Organ/SRA_outputs/SRR25630299_2.fastq
Processing paired-end reads on 1 core ...

=== Summary ===

Total read pairs processed:         45,291,631
  Read 1 with adapter:               2,902,384 (6.4%)
  Read 2 with adapter:               3,274,030 (7.2%)
Pairs written (passing filters):    45,291,631 (100.0%)

Total basepairs processed: 13,587,489,300 bp
  Read 1: 6,793,744,650 bp
  Read 2: 6,793,744,650 bp
Total written (filtered):  13,504,152,226 bp (99.4%)
  Read 1: 6,752,860,325 bp
  Read 2: 6,751,291,901 bp

=== First read: Adapter 1 ===

Sequence: AGATCGGAAGAGCACACGTCTGAACTCCAGTCA; Type: regular 3'; Length: 33; Trimmed: 2902384 times

Minimum overlap: 3
No. of allowed errors:
1-9 bp: 0; 10-19 bp: 1; 20-29 bp: 2; 30-33 bp: 3

Bases preceding removed adapters:
  A: 15.3%
  C: 28.4%
  G: 41.0%
  T: 15.3%
  none/other: 0.0%

Overview of removed sequences
length	count	expect	max.err	error counts
3	800997	707681.7	0	800997
4	248329	176920.4	0	248329
5	121361	44230.1	0	121361
6	85489	11057.5	0	85489
7	80070	2764.4	0	80070
8	76085	691.1	0	76085
9	74699	172.8	0	74091 608
10	73458	43.2	1	70032 3426
11	72037	10.8	1	68449 3588
12	68078	2.7	1	64401 3677
13	67177	0.7	1	63442 3735
14	66415	0.2	1	62756 3659
15	63848	0.0	1	59954 3894
16	58808	0.0	1	54926 3882
17	55838	0.0	1	52026 3812
18	52016	0.0	1	48211 3738 67
19	49764	0.0	1	45964 3689 111
20	48595	0.0	2	44269 3706 620
21	46125	0.0	2	41274 4162 689
22	45125	0.0	2	40124 4185 816
23	42517	0.0	2	37738 4036 743
24	41306	0.0	2	36633 3911 762
25	38069	0.0	2	33348 3944 777
26	37018	0.0	2	32553 3718 747
27	34540	0.0	2	30179 3630 700 31
28	31889	0.0	2	27729 3385 724 51
29	30501	0.0	2	26427 3323 706 45
30	28682	0.0	3	24573 3238 655 216
31	27009	0.0	3	23044 3123 594 248
32	25752	0.0	3	21806 3048 655 243
33	24115	0.0	3	20362 2952 562 239
34	22790	0.0	3	19291 2705 550 244
35	21194	0.0	3	17974 2515 487 218
36	19755	0.0	3	16793 2284 482 196
37	18812	0.0	3	15987 2151 485 189
38	17481	0.0	3	14832 2029 433 187
39	16312	0.0	3	13825 1927 379 181
40	14872	0.0	3	12683 1708 332 149
41	13716	0.0	3	11709 1542 323 142
42	12520	0.0	3	10625 1459 309 127
43	11674	0.0	3	9848 1436 279 111
44	11121	0.0	3	9423 1292 270 136
45	9911	0.0	3	8396 1163 248 104
46	9190	0.0	3	7812 1051 209 118
47	8377	0.0	3	7097 992 197 91
48	7295	0.0	3	6166 874 165 90
49	6932	0.0	3	5860 774 202 96
50	6087	0.0	3	5073 779 164 71
51	5372	0.0	3	4560 612 140 60
52	5008	0.0	3	4175 615 135 83
53	4588	0.0	3	3874 508 138 68
54	4232	0.0	3	3561 474 129 68
55	3857	0.0	3	3274 423 119 41
56	3350	0.0	3	2838 371 88 53
57	3036	0.0	3	2537 365 93 41
58	2726	0.0	3	2278 334 69 45
59	2541	0.0	3	2123 304 72 42
60	2215	0.0	3	1823 284 67 41
61	1918	0.0	3	1572 227 85 34
62	1630	0.0	3	1333 215 57 25
63	1443	0.0	3	1183 178 52 30
64	1289	0.0	3	1080 137 48 24
65	1171	0.0	3	937 147 43 44
66	1134	0.0	3	920 132 48 34
67	1027	0.0	3	824 128 51 24
68	861	0.0	3	674 122 38 27
69	759	0.0	3	606 93 34 26
70	693	0.0	3	532 87 47 27
71	628	0.0	3	467 104 31 26
72	625	0.0	3	475 82 46 22
73	463	0.0	3	325 77 41 20
74	442	0.0	3	324 56 36 26
75	419	0.0	3	313 58 29 19
76	428	0.0	3	301 70 33 24
77	377	0.0	3	241 73 36 27
78	332	0.0	3	227 50 36 19
79	323	0.0	3	231 34 32 26
80	301	0.0	3	191 51 35 24
81	248	0.0	3	141 54 29 24
82	250	0.0	3	134 52 37 27
83	237	0.0	3	145 48 28 16
84	244	0.0	3	145 47 32 20
85	194	0.0	3	114 33 23 24
86	180	0.0	3	104 36 19 21
87	190	0.0	3	116 35 17 22
88	187	0.0	3	110 36 24 17
89	200	0.0	3	116 35 32 17
90	226	0.0	3	124 41 33 28
91	162	0.0	3	83 37 23 19
92	148	0.0	3	91 31 17 9
93	134	0.0	3	78 32 13 11
94	141	0.0	3	78 22 23 18
95	150	0.0	3	73 25 26 26
96	113	0.0	3	62 18 22 11
97	108	0.0	3	47 27 14 20
98	136	0.0	3	69 28 18 21
99	102	0.0	3	49 29 12 12
100	102	0.0	3	52 23 15 12
101	113	0.0	3	52 27 18 16
102	99	0.0	3	49 27 8 15
103	107	0.0	3	54 19 18 16
104	102	0.0	3	52 22 15 13
105	87	0.0	3	47 18 10 12
106	81	0.0	3	38 11 18 14
107	68	0.0	3	37 8 8 15
108	82	0.0	3	38 17 16 11
109	73	0.0	3	37 14 14 8
110	57	0.0	3	31 12 4 10
111	91	0.0	3	46 15 17 13
112	74	0.0	3	43 16 6 9
113	59	0.0	3	21 18 13 7
114	57	0.0	3	35 8 6 8
115	83	0.0	3	37 19 12 15
116	49	0.0	3	21 13 9 6
117	52	0.0	3	16 14 8 14
118	57	0.0	3	22 14 13 8
119	40	0.0	3	20 6 7 7
120	63	0.0	3	30 12 15 6
121	75	0.0	3	36 16 18 5
122	49	0.0	3	24 8 7 10
123	36	0.0	3	16 8 4 8
124	28	0.0	3	14 4 5 5
125	41	0.0	3	22 8 4 7
126	22	0.0	3	12 5 3 2
127	27	0.0	3	15 9 2 1
128	30	0.0	3	16 6 6 2
129	18	0.0	3	13 1 3 1
130	10	0.0	3	5 3 2
131	12	0.0	3	5 4 3
132	8	0.0	3	4 2 2
133	7	0.0	3	4 3
134	7	0.0	3	6 0 1
135	7	0.0	3	6 1
136	3	0.0	3	1 2
137	4	0.0	3	2 1 0 1
138	6	0.0	3	3 1 0 2
139	3	0.0	3	1 1 0 1
140	2	0.0	3	1 1
141	3	0.0	3	3
142	1	0.0	3	1
143	3	0.0	3	1 0 1 1
144	1	0.0	3	1
145	1	0.0	3	0 0 0 1
146	4	0.0	3	0 1 0 3
147	3	0.0	3	2 0 1
148	1	0.0	3	1
149	2	0.0	3	0 1 0 1
150	85	0.0	3	0 79 5 1


=== Second read: Adapter 2 ===

Sequence: AGATCGGAAGAGCGTCGTGTAGGGAAAGAGTGT; Type: regular 3'; Length: 33; Trimmed: 3274030 times

Minimum overlap: 3
No. of allowed errors:
1-9 bp: 0; 10-19 bp: 1; 20-29 bp: 2; 30-33 bp: 3

Bases preceding removed adapters:
  A: 16.2%
  C: 26.5%
  G: 45.3%
  T: 12.0%
  none/other: 0.0%

Overview of removed sequences
length	count	expect	max.err	error counts
3	1106156	707681.7	0	1106156
4	286474	176920.4	0	286474
5	130899	44230.1	0	130899
6	89787	11057.5	0	89787
7	82132	2764.4	0	82132
8	77460	691.1	0	77460
9	75159	172.8	0	73829 1330
10	74500	43.2	1	70426 4074
11	73387	10.8	1	69691 3696
12	68400	2.7	1	65476 2924
13	68431	0.7	1	65401 3030
14	66641	0.2	1	63852 2789
15	64070	0.0	1	61392 2678
16	59647	0.0	1	57023 2624
17	55982	0.0	1	53387 2595
18	52476	0.0	1	48991 3485
19	49948	0.0	1	46608 3306 34
20	48633	0.0	2	43546 4087 1000
21	46127	0.0	2	41163 4048 916
22	45086	0.0	2	40018 4194 874
23	42611	0.0	2	37906 3802 903
24	41321	0.0	2	36895 3617 809
25	38094	0.0	2	33759 3536 799
26	36905	0.0	2	31759 4170 976
27	34383	0.0	2	29210 4167 1004 2
28	31842	0.0	2	26966 3897 977 2
29	30361	0.0	2	25778 3678 888 17
30	28745	0.0	3	24248 3406 761 330
31	27026	0.0	3	22813 3148 770 295
32	25774	0.0	3	21849 2887 727 311
33	24129	0.0	3	20483 2723 646 277
34	22767	0.0	3	19297 2584 639 247
35	21259	0.0	3	18039 2419 564 237
36	19781	0.0	3	16814 2127 558 282
37	18906	0.0	3	16109 2029 543 225
38	17540	0.0	3	14968 1907 438 227
39	16377	0.0	3	13937 1788 427 225
40	14997	0.0	3	12735 1697 384 181
41	13774	0.0	3	11766 1456 382 170
42	12560	0.0	3	10754 1338 313 155
43	11742	0.0	3	10076 1162 321 183
44	11201	0.0	3	9559 1162 329 151
45	10000	0.0	3	8556 1045 273 126
46	9249	0.0	3	7929 952 242 126
47	8431	0.0	3	7284 817 232 98
48	7368	0.0	3	6389 668 211 100
49	7066	0.0	3	5988 706 233 139
50	6120	0.0	3	5232 626 183 79
51	5436	0.0	3	4646 528 168 94
52	5093	0.0	3	4380 485 147 81
53	4654	0.0	3	3996 461 123 74
54	4317	0.0	3	3657 436 152 72
55	3952	0.0	3	3332 422 123 75
56	3443	0.0	3	2915 355 124 49
57	3108	0.0	3	2630 316 112 50
58	2778	0.0	3	2374 265 79 60
59	2606	0.0	3	2224 228 88 66
60	2307	0.0	3	1918 232 91 66
61	2014	0.0	3	1675 198 78 63
62	1708	0.0	3	1416 161 76 55
63	1506	0.0	3	1241 152 67 46
64	1342	0.0	3	1112 147 52 31
65	1234	0.0	3	997 125 64 48
66	1237	0.0	3	976 134 74 53
67	1112	0.0	3	888 112 57 55
68	975	0.0	3	738 120 69 48
69	835	0.0	3	639 93 57 46
70	764	0.0	3	571 98 51 44
71	706	0.0	3	521 99 54 32
72	700	0.0	3	526 90 44 40
73	553	0.0	3	389 71 56 37
74	510	0.0	3	364 74 43 29
75	498	0.0	3	345 71 39 43
76	519	0.0	3	345 89 42 43
77	443	0.0	3	276 84 48 35
78	396	0.0	3	251 58 47 40
79	393	0.0	3	256 61 41 35
80	372	0.0	3	219 71 45 37
81	319	0.0	3	183 54 35 47
82	324	0.0	3	180 54 50 40
83	281	0.0	3	165 52 35 29
84	323	0.0	3	176 63 49 35
85	229	0.0	3	132 39 32 26
86	247	0.0	3	145 47 26 29
87	256	0.0	3	127 60 31 38
88	230	0.0	3	117 54 28 31
89	254	0.0	3	139 49 31 35
90	306	0.0	3	152 61 45 48
91	197	0.0	3	95 40 35 27
92	178	0.0	3	95 39 23 21
93	183	0.0	3	99 32 32 20
94	177	0.0	3	90 42 26 19
95	199	0.0	3	94 46 38 21
96	152	0.0	3	75 29 23 25
97	154	0.0	3	72 30 22 30
98	163	0.0	3	73 39 26 25
99	149	0.0	3	68 33 28 20
100	134	0.0	3	58 35 19 22
101	136	0.0	3	60 37 26 13
102	126	0.0	3	58 28 19 21
103	142	0.0	3	69 27 26 20
104	127	0.0	3	62 27 10 28
105	105	0.0	3	55 15 17 18
106	100	0.0	3	44 26 15 15
107	97	0.0	3	42 23 18 14
108	113	0.0	3	42 28 23 20
109	90	0.0	3	44 15 17 14
110	77	0.0	3	32 12 17 16
111	103	0.0	3	57 23 15 8
112	92	0.0	3	47 20 13 12
113	70	0.0	3	30 21 10 9
114	76	0.0	3	35 27 9 5
115	94	0.0	3	40 18 17 19
116	57	0.0	3	29 11 9 8
117	60	0.0	3	20 17 14 9
118	72	0.0	3	36 17 14 5
119	48	0.0	3	20 13 9 6
120	78	0.0	3	36 15 14 13
121	105	0.0	3	43 24 22 16
122	57	0.0	3	32 13 9 3
123	39	0.0	3	13 7 12 7
124	28	0.0	3	15 5 7 1
125	49	0.0	3	23 7 10 9
126	32	0.0	3	11 8 8 5
127	37	0.0	3	23 4 5 5
128	36	0.0	3	17 11 5 3
129	17	0.0	3	11 5 0 1
130	11	0.0	3	5 5 0 1
131	14	0.0	3	10 2 1 1
132	8	0.0	3	6 0 1 1
133	6	0.0	3	6
134	7	0.0	3	6 0 1
135	7	0.0	3	7
136	3	0.0	3	3
137	4	0.0	3	3 0 1
138	4	0.0	3	4
139	1	0.0	3	1
140	1	0.0	3	1
141	5	0.0	3	3 0 0 2
142	1	0.0	3	0 1
143	1	0.0	3	0 1
144	1	0.0	3	1
147	2	0.0	3	2
148	1	0.0	3	1
	Command being timed: "pixi run cutadapt -a AGATCGGAAGAGCACACGTCTGAACTCCAGTCA -A AGATCGGAAGAGCGTCGTGTAGGGAAAGAGTGT -o /projects/bgmp/kymc/bioinfo/Bi623/Proj2_QAA/Project-2-Electric-Organ/trimmed_outputs/SRR25630299_1.trimmed.fastq.gz -p /projects/bgmp/kymc/bioinfo/Bi623/Proj2_QAA/Project-2-Electric-Organ/trimmed_outputs/SRR25630299_2.trimmed.fastq.gz /projects/bgmp/kymc/bioinfo/Bi623/Proj2_QAA/Project-2-Electric-Organ/SRA_outputs/SRR25630299_1.fastq /projects/bgmp/kymc/bioinfo/Bi623/Proj2_QAA/Project-2-Electric-Organ/SRA_outputs/SRR25630299_2.fastq"
	User time (seconds): 295.95
	System time (seconds): 2.44
	Percent of CPU this job got: 98%
	Elapsed (wall clock) time (h:mm:ss or m:ss): 5:03.75
	Average shared text size (kbytes): 0
	Average unshared data size (kbytes): 0
	Average stack size (kbytes): 0
	Average total size (kbytes): 0
	Maximum resident set size (kbytes): 36872
	Average resident set size (kbytes): 0
	Major (requiring I/O) page faults: 0
	Minor (reclaiming a frame) page faults: 16087
	Voluntary context switches: 3013
	Involuntary context switches: 742
	Swaps: 0
	File system inputs: 0
	File system outputs: 8
	Socket messages sent: 0
	Socket messages received: 0
	Signals delivered: 0
	Page size (bytes): 4096
	Exit status: 0
 WARN cache for Repodata at /home/kymc/.cache/rattler/cache/repodata is on a network/parallel filesystem (NFS/SMB/FUSE/BeeGFS/Lustre/GPFS/CephFS), redirected to /tmp/pixi-cache-kymc/repodata for this run. Set [cache.repodata] in config.toml or PIXI_CACHE_DIR to override, or [cache.netfs-redirect] = "never" to keep the original path.
This is cutadapt 5.2 with Python 3.12.14
Command line parameters: -a AGATCGGAAGAGCACACGTCTGAACTCCAGTCA -A AGATCGGAAGAGCGTCGTGTAGGGAAAGAGTGT -o /projects/bgmp/kymc/bioinfo/Bi623/Proj2_QAA/Project-2-Electric-Organ/trimmed_outputs/SRR25630379_1.trimmed.fastq.gz -p /projects/bgmp/kymc/bioinfo/Bi623/Proj2_QAA/Project-2-Electric-Organ/trimmed_outputs/SRR25630379_2.trimmed.fastq.gz /projects/bgmp/kymc/bioinfo/Bi623/Proj2_QAA/Project-2-Electric-Organ/SRA_outputs/SRR25630379_1.fastq /projects/bgmp/kymc/bioinfo/Bi623/Proj2_QAA/Project-2-Electric-Organ/SRA_outputs/SRR25630379_2.fastq
Processing paired-end reads on 1 core ...

=== Summary ===

Total read pairs processed:         34,977,867
  Read 1 with adapter:               3,881,635 (11.1%)
  Read 2 with adapter:               4,079,372 (11.7%)
Pairs written (passing filters):    34,977,867 (100.0%)

Total basepairs processed: 10,493,360,100 bp
  Read 1: 5,246,680,050 bp
  Read 2: 5,246,680,050 bp
Total written (filtered):  10,345,360,055 bp (98.6%)
  Read 1: 5,171,292,023 bp
  Read 2: 5,174,068,032 bp

=== First read: Adapter 1 ===

Sequence: AGATCGGAAGAGCACACGTCTGAACTCCAGTCA; Type: regular 3'; Length: 33; Trimmed: 3881635 times

Minimum overlap: 3
No. of allowed errors:
1-9 bp: 0; 10-19 bp: 1; 20-29 bp: 2; 30-33 bp: 3

Bases preceding removed adapters:
  A: 12.7%
  C: 26.6%
  G: 46.0%
  T: 14.6%
  none/other: 0.0%

Overview of removed sequences
length	count	expect	max.err	error counts
3	635539	546529.2	0	635539
4	227057	136632.3	0	227057
5	131397	34158.1	0	131397
6	105485	8539.5	0	105485
7	102495	2134.9	0	102495
8	97313	533.7	0	97313
9	98518	133.4	0	97931 587
10	95550	33.4	1	91978 3572
11	96486	8.3	1	92681 3805
12	92367	2.1	1	88358 4009
13	92423	0.5	1	88175 4248
14	91346	0.1	1	87161 4185
15	88563	0.0	1	84122 4441
16	85794	0.0	1	81414 4380
17	81943	0.0	1	77517 4426
18	77946	0.0	1	73646 4221 79
19	76368	0.0	1	71722 4528 118
20	76094	0.0	2	70643 4627 824
21	73441	0.0	2	67950 4589 902
22	72024	0.0	2	66589 4476 959
23	69939	0.0	2	64474 4499 966
24	68659	0.0	2	63258 4495 906
25	65359	0.0	2	59938 4556 865
26	63332	0.0	2	58090 4369 873
27	61693	0.0	2	56507 4270 875 41
28	58338	0.0	2	53370 4100 826 42
29	56494	0.0	2	51466 4145 826 57
30	52986	0.0	3	47792 4079 786 329
31	52302	0.0	3	46958 4095 859 390
32	50529	0.0	3	45356 3980 837 356
33	48684	0.0	3	43753 3806 802 323
34	46385	0.0	3	41745 3619 699 322
35	43554	0.0	3	39113 3418 687 336
36	41396	0.0	3	37243 3172 652 329
37	41230	0.0	3	37067 3183 683 297
38	39648	0.0	3	35734 3031 614 269
39	37072	0.0	3	33473 2765 590 244
40	35350	0.0	3	31846 2755 502 247
41	34078	0.0	3	30681 2655 530 212
42	31515	0.0	3	28425 2359 511 220
43	29910	0.0	3	27002 2239 467 202
44	28394	0.0	3	25674 2079 438 203
45	26255	0.0	3	23684 1992 399 180
46	24566	0.0	3	22117 1876 400 173
47	23302	0.0	3	21088 1718 344 152
48	21376	0.0	3	19243 1673 324 136
49	20434	0.0	3	18435 1543 311 145
50	18940	0.0	3	17079 1417 313 131
51	16689	0.0	3	15086 1217 274 112
52	15921	0.0	3	14261 1236 264 160
53	15102	0.0	3	13680 1085 223 114
54	13800	0.0	3	12423 1041 229 107
55	13171	0.0	3	11809 1025 218 119
56	11335	0.0	3	10172 900 175 88
57	10391	0.0	3	9308 813 179 91
58	9620	0.0	3	8645 730 160 85
59	8802	0.0	3	7971 627 141 63
60	7790	0.0	3	6944 646 138 62
61	7198	0.0	3	6492 522 124 60
62	6268	0.0	3	5574 522 123 49
63	5710	0.0	3	5107 458 86 59
64	4964	0.0	3	4445 392 87 40
65	4862	0.0	3	4351 382 84 45
66	3940	0.0	3	3511 301 84 44
67	3700	0.0	3	3287 285 91 37
68	3176	0.0	3	2807 254 64 51
69	2896	0.0	3	2585 222 63 26
70	2534	0.0	3	2208 216 61 49
71	2284	0.0	3	1999 197 57 31
72	1976	0.0	3	1724 169 49 34
73	1744	0.0	3	1510 141 60 33
74	1567	0.0	3	1349 143 47 28
75	1412	0.0	3	1227 127 33 25
76	1288	0.0	3	1087 120 51 30
77	1177	0.0	3	997 108 40 32
78	936	0.0	3	792 88 38 18
79	904	0.0	3	743 88 45 28
80	809	0.0	3	659 86 38 26
81	682	0.0	3	528 94 38 22
82	663	0.0	3	532 74 30 27
83	526	0.0	3	420 51 30 25
84	507	0.0	3	386 62 31 28
85	414	0.0	3	325 49 23 17
86	371	0.0	3	295 31 24 21
87	388	0.0	3	287 57 28 16
88	306	0.0	3	221 37 24 24
89	357	0.0	3	252 42 38 25
90	285	0.0	3	186 51 26 22
91	282	0.0	3	203 30 27 22
92	238	0.0	3	162 34 27 15
93	204	0.0	3	144 35 16 9
94	206	0.0	3	139 25 22 20
95	227	0.0	3	141 40 22 24
96	162	0.0	3	100 24 24 14
97	202	0.0	3	133 29 19 21
98	195	0.0	3	117 32 25 21
99	171	0.0	3	99 30 22 20
100	141	0.0	3	79 25 17 20
101	157	0.0	3	94 26 16 21
102	127	0.0	3	74 22 17 14
103	146	0.0	3	87 28 17 14
104	117	0.0	3	69 18 15 15
105	136	0.0	3	74 25 17 20
106	98	0.0	3	45 25 11 17
107	106	0.0	3	52 28 10 16
108	104	0.0	3	56 18 17 13
109	115	0.0	3	61 24 20 10
110	105	0.0	3	66 19 8 12
111	90	0.0	3	45 19 15 11
112	82	0.0	3	45 18 9 10
113	81	0.0	3	38 19 12 12
114	78	0.0	3	45 13 12 8
115	70	0.0	3	32 17 10 11
116	57	0.0	3	30 14 7 6
117	62	0.0	3	28 16 8 10
118	77	0.0	3	37 13 14 13
119	80	0.0	3	43 16 10 11
120	66	0.0	3	35 15 7 9
121	58	0.0	3	33 8 9 8
122	46	0.0	3	24 7 3 12
123	42	0.0	3	26 7 3 6
124	37	0.0	3	20 7 6 4
125	31	0.0	3	16 6 5 4
126	38	0.0	3	21 9 3 5
127	26	0.0	3	16 5 1 4
128	32	0.0	3	13 9 6 4
129	40	0.0	3	19 13 5 3
130	19	0.0	3	10 3 3 3
131	16	0.0	3	15 1
132	12	0.0	3	9 2 1
133	9	0.0	3	6 0 3
134	20	0.0	3	18 1 1
135	5	0.0	3	4 1
136	6	0.0	3	4 1 0 1
137	2	0.0	3	0 1 1
138	3	0.0	3	3
139	9	0.0	3	5 1 1 2
140	4	0.0	3	3 0 0 1
141	1	0.0	3	0 1
142	2	0.0	3	1 1
143	5	0.0	3	3 0 1 1
146	2	0.0	3	0 0 1 1
147	3	0.0	3	3
148	3	0.0	3	2 0 0 1
149	1	0.0	3	1
150	847	0.0	3	1 799 44 3


=== Second read: Adapter 2 ===

Sequence: AGATCGGAAGAGCGTCGTGTAGGGAAAGAGTGT; Type: regular 3'; Length: 33; Trimmed: 4079372 times

Minimum overlap: 3
No. of allowed errors:
1-9 bp: 0; 10-19 bp: 1; 20-29 bp: 2; 30-33 bp: 3

Bases preceding removed adapters:
  A: 13.3%
  C: 25.5%
  G: 50.0%
  T: 11.2%
  none/other: 0.0%

Overview of removed sequences
length	count	expect	max.err	error counts
3	868195	546529.2	0	868195
4	253540	136632.3	0	253540
5	138688	34158.1	0	138688
6	109428	8539.5	0	109428
7	105642	2134.9	0	105642
8	99651	533.7	0	99651
9	99949	133.4	0	98992 957
10	97074	33.4	1	93809 3265
11	98733	8.3	1	95674 3059
12	93196	2.1	1	90820 2376
13	94006	0.5	1	91646 2360
14	91854	0.1	1	89439 2415
15	89000	0.0	1	86518 2482
16	86715	0.0	1	84308 2407
17	82331	0.0	1	79857 2474
18	78547	0.0	1	75453 3093 1
19	76855	0.0	1	73713 3099 43
20	76269	0.0	2	70483 5065 721
21	73569	0.0	2	67591 5167 811
22	72144	0.0	2	65989 5279 876
23	70178	0.0	2	64002 5314 862
24	68723	0.0	2	62615 5227 881
25	65215	0.0	2	53182 10084 1949
26	62804	0.0	2	48321 11544 2939
27	60376	0.0	2	43916 12032 4420 8
28	56868	0.0	2	41533 11231 4081 23
29	54196	0.0	2	29564 15133 7682 1817
30	51743	0.0	3	28311 13522 6906 3004
31	49769	0.0	3	24734 12299 8215 4521
32	48031	0.0	3	23695 11799 8142 4395
33	42745	0.0	3	17084 9123 9105 7433
34	40697	0.0	3	16291 8834 8630 6942
35	38350	0.0	3	15441 8390 8214 6305
36	36442	0.0	3	14657 7878 7792 6115
37	36645	0.0	3	14517 8079 7841 6208
38	35400	0.0	3	14205 7831 7622 5742
39	32966	0.0	3	12975 7414 7179 5398
40	31634	0.0	3	12618 6852 6985 5179
41	30536	0.0	3	12376 6633 6539 4988
42	28529	0.0	3	11553 6259 6222 4495
43	26967	0.0	3	10796 6035 5879 4257
44	25626	0.0	3	10466 5738 5490 3932
45	23772	0.0	3	9723 5540 5035 3474
46	22580	0.0	3	9349 5520 4716 2995
47	21279	0.0	3	8785 4837 4470 3187
48	19610	0.0	3	8184 4607 4130 2689
49	18667	0.0	3	7827 4480 3795 2565
50	17331	0.0	3	7197 4038 3668 2428
51	15258	0.0	3	6522 3417 3170 2149
52	14505	0.0	3	6143 3278 3048 2036
53	13860	0.0	3	5843 3326 2843 1848
54	12757	0.0	3	5434 3053 2688 1582
55	12192	0.0	3	5349 2817 2468 1558
56	10504	0.0	3	4550 2483 2154 1317
57	9618	0.0	3	4211 2235 1914 1258
58	8856	0.0	3	3895 2197 1723 1041
59	8189	0.0	3	3659 1878 1605 1047
60	7225	0.0	3	3174 1690 1494 867
61	6727	0.0	3	2988 1563 1346 830
62	5814	0.0	3	2509 1406 1167 732
63	5296	0.0	3	2289 1259 1076 672
64	4688	0.0	3	1994 1135 969 590
65	4504	0.0	3	2012 1051 891 550
66	3718	0.0	3	1568 963 709 478
67	3451	0.0	3	1538 822 717 374
68	2973	0.0	3	1340 689 613 331
69	2749	0.0	3	1212 687 537 313
70	2398	0.0	3	1048 614 455 281
71	2110	0.0	3	968 503 410 229
72	1857	0.0	3	823 459 338 237
73	1639	0.0	3	715 409 316 199
74	1465	0.0	3	655 352 297 161
75	1300	0.0	3	566 333 263 138
76	1201	0.0	3	501 322 237 141
77	1098	0.0	3	476 266 231 125
78	876	0.0	3	397 229 160 90
79	823	0.0	3	339 192 159 133
80	749	0.0	3	298 202 151 98
81	639	0.0	3	275 172 121 71
82	618	0.0	3	253 149 130 86
83	488	0.0	3	200 122 95 71
84	472	0.0	3	182 131 94 65
85	381	0.0	3	161 94 82 44
86	331	0.0	3	136 87 61 47
87	349	0.0	3	125 83 82 59
88	282	0.0	3	115 62 61 44
89	336	0.0	3	123 85 74 54
90	257	0.0	3	90 76 53 38
91	257	0.0	3	100 60 46 51
92	205	0.0	3	70 51 47 37
93	172	0.0	3	60 46 32 34
94	171	0.0	3	62 47 37 25
95	190	0.0	3	67 51 36 36
96	145	0.0	3	54 31 31 29
97	180	0.0	3	61 41 49 29
98	159	0.0	3	54 43 30 32
99	147	0.0	3	39 40 35 33
100	119	0.0	3	34 25 33 27
101	128	0.0	3	40 32 30 26
102	116	0.0	3	33 32 30 21
103	129	0.0	3	40 34 22 33
104	98	0.0	3	32 18 23 25
105	109	0.0	3	35 32 22 20
106	85	0.0	3	15 22 24 24
107	89	0.0	3	31 25 16 17
108	79	0.0	3	31 18 14 16
109	88	0.0	3	22 24 20 22
110	88	0.0	3	22 27 21 18
111	66	0.0	3	18 14 12 22
112	77	0.0	3	25 20 17 15
113	72	0.0	3	12 20 20 20
114	59	0.0	3	13 19 14 13
115	54	0.0	3	7 15 13 19
116	62	0.0	3	11 12 19 20
117	57	0.0	3	11 10 17 19
118	59	0.0	3	16 16 14 13
119	67	0.0	3	10 20 20 17
120	47	0.0	3	11 14 13 9
121	44	0.0	3	14 10 11 9
122	31	0.0	3	10 11 3 7
123	35	0.0	3	6 11 9 9
124	26	0.0	3	8 5 7 6
125	25	0.0	3	6 5 4 10
126	30	0.0	3	6 13 9 2
127	23	0.0	3	6 3 8 6
128	29	0.0	3	2 8 13 6
129	34	0.0	3	14 7 6 7
130	14	0.0	3	4 6 2 2
131	14	0.0	3	8 4 2
132	11	0.0	3	4 3 2 2
133	7	0.0	3	2 4 1
134	20	0.0	3	9 9 2
135	5	0.0	3	2 1 1 1
136	5	0.0	3	1 2 2
137	1	0.0	3	0 0 0 1
138	3	0.0	3	1 1 1
139	8	0.0	3	3 2 1 2
140	3	0.0	3	2 1
142	2	0.0	3	1 0 1
143	3	0.0	3	0 0 3
147	3	0.0	3	1 2
148	2	0.0	3	0 1 0 1
149	1	0.0	3	1
150	1	0.0	3	1
	Command being timed: "pixi run cutadapt -a AGATCGGAAGAGCACACGTCTGAACTCCAGTCA -A AGATCGGAAGAGCGTCGTGTAGGGAAAGAGTGT -o /projects/bgmp/kymc/bioinfo/Bi623/Proj2_QAA/Project-2-Electric-Organ/trimmed_outputs/SRR25630379_1.trimmed.fastq.gz -p /projects/bgmp/kymc/bioinfo/Bi623/Proj2_QAA/Project-2-Electric-Organ/trimmed_outputs/SRR25630379_2.trimmed.fastq.gz /projects/bgmp/kymc/bioinfo/Bi623/Proj2_QAA/Project-2-Electric-Organ/SRA_outputs/SRR25630379_1.fastq /projects/bgmp/kymc/bioinfo/Bi623/Proj2_QAA/Project-2-Electric-Organ/SRA_outputs/SRR25630379_2.fastq"
	User time (seconds): 249.74
	System time (seconds): 1.98
	Percent of CPU this job got: 98%
	Elapsed (wall clock) time (h:mm:ss or m:ss): 4:14.45
	Average shared text size (kbytes): 0
	Average unshared data size (kbytes): 0
	Average stack size (kbytes): 0
	Average total size (kbytes): 0
	Maximum resident set size (kbytes): 36948
	Average resident set size (kbytes): 0
	Major (requiring I/O) page faults: 0
	Minor (reclaiming a frame) page faults: 16159
	Voluntary context switches: 1774
	Involuntary context switches: 635
	Swaps: 0
	File system inputs: 0
	File system outputs: 8
	Socket messages sent: 0
	Socket messages received: 0
	Signals delivered: 0
	Page size (bytes): 4096
	Exit status: 0
